industry start 20:36:51.602
--------------
update ssid_intel
   set category = "INDUSTRY_ORG"
 where convert(unhex(ssid_hex) using utf8mb4) like '%Bitcoin%'
--------------

ERROR 1300 (HY000) at line 1: Invalid utf8mb4 character string: '\xC8\x00\x14'
--------------
update ssid_intel
   set category = "INDUSTRY_ORG"
 where convert(unhex(ssid_hex) using utf8mb4) like '%Ethereum%'
--------------

ERROR 1300 (HY000) at line 1: Invalid utf8mb4 character string: '\xC8\x00\x14'
--------------
update ssid_intel
   set category = "INDUSTRY_ORG"
 where convert(unhex(ssid_hex) using utf8mb4) like '%Solana%'
--------------

ERROR 1300 (HY000) at line 1: Invalid utf8mb4 character string: '\xC8\x00\x14'
--------------
update ssid_intel
   set category = "INDUSTRY_ORG"
 where convert(unhex(ssid_hex) using utf8mb4) like '%Cardano%'
--------------

ERROR 1300 (HY000) at line 1: Invalid utf8mb4 character string: '\xC8\x00\x14'
--------------
update ssid_intel
   set category = "INDUSTRY_ORG"
 where convert(unhex(ssid_hex) using utf8mb4) like '%Polkadot%'
--------------

ERROR 1300 (HY000) at line 1: Invalid utf8mb4 character string: '\xC8\x00\x14'
--------------
update ssid_intel
   set category = "INDUSTRY_ORG"
 where convert(unhex(ssid_hex) using utf8mb4) like '%Avalanche%'
--------------

ERROR 1300 (HY000) at line 1: Invalid utf8mb4 character string: '\xC8\x00\x14'
--------------
update ssid_intel
   set category = "INDUSTRY_ORG"
 where convert(unhex(ssid_hex) using utf8mb4) like '%Litecoin%'
--------------

ERROR 1300 (HY000) at line 1: Invalid utf8mb4 character string: '\xC8\x00\x14'
--------------
update ssid_intel
   set category = "INDUSTRY_ORG"
 where convert(unhex(ssid_hex) using utf8mb4) like '%Monero%'
--------------

ERROR 1300 (HY000) at line 1: Invalid utf8mb4 character string: '\xC8\x00\x14'
--------------
update ssid_intel
   set category = "INDUSTRY_ORG"
 where convert(unhex(ssid_hex) using utf8mb4) like '%Zcash%'
--------------

ERROR 1300 (HY000) at line 1: Invalid utf8mb4 character string: '\xC8\x00\x14'
--------------
update ssid_intel
   set category = "INDUSTRY_ORG"
 where convert(unhex(ssid_hex) using utf8mb4) like '%Stellar%'
--------------

ERROR 1300 (HY000) at line 1: Invalid utf8mb4 character string: '\xC8\x00\x14'
--------------
update ssid_intel
   set category = "INDUSTRY_ORG"
 where convert(unhex(ssid_hex) using utf8mb4) like '%Hedera%'
--------------

ERROR 1300 (HY000) at line 1: Invalid utf8mb4 character string: '\xC8\x00\x14'
--------------
update ssid_intel
   set category = "INDUSTRY_ORG"
 where convert(unhex(ssid_hex) using utf8mb4) like '%Tezos%'
--------------

ERROR 1300 (HY000) at line 1: Invalid utf8mb4 character string: '\xC8\x00\x14'
--------------
update ssid_intel
   set category = "INDUSTRY_ORG"
 where convert(unhex(ssid_hex) using utf8mb4) like '%Decred%'
--------------

ERROR 1300 (HY000) at line 1: Invalid utf8mb4 character string: '\xC8\x00\x14'
--------------
update ssid_intel
   set category = "INDUSTRY_ORG"
 where convert(unhex(ssid_hex) using utf8mb4) like '%Cronos%'
--------------

ERROR 1300 (HY000) at line 1: Invalid utf8mb4 character string: '\xC8\x00\x14'
--------------
update ssid_intel
   set category = "INDUSTRY_ORG"
 where convert(unhex(ssid_hex) using utf8mb4) like '%Bittensor%'
--------------

ERROR 1300 (HY000) at line 1: Invalid utf8mb4 character string: '\xC8\x00\x14'
--------------
update ssid_intel
   set category = "INDUSTRY_ORG"
 where convert(unhex(ssid_hex) using utf8mb4) like '%Hyperliquid%'
--------------

ERROR 1300 (HY000) at line 1: Invalid utf8mb4 character string: '\xC8\x00\x14'
--------------
update ssid_intel
   set category = "INDUSTRY_ORG"
 where convert(unhex(ssid_hex) using utf8mb4) like '%Monad%'
--------------

ERROR 1300 (HY000) at line 1: Invalid utf8mb4 character string: '\xC8\x00\x14'
--------------
update ssid_intel
   set category = "INDUSTRY_ORG"
 where convert(unhex(ssid_hex) using utf8mb4) like '%Stacks%'
--------------

ERROR 1300 (HY000) at line 1: Invalid utf8mb4 character string: '\xC8\x00\x14'
--------------
update ssid_intel
   set category = "INDUSTRY_ORG"
 where convert(unhex(ssid_hex) using utf8mb4) like '%Dogecoin%'
--------------

ERROR 1300 (HY000) at line 1: Invalid utf8mb4 character string: '\xC8\x00\x14'
--------------
update ssid_intel
   set category = "INDUSTRY_ORG"
 where convert(unhex(ssid_hex) using utf8mb4) like '%Chainlink%'
--------------

ERROR 1300 (HY000) at line 1: Invalid utf8mb4 character string: '\xC8\x00\x14'
--------------
update ssid_intel
   set category = "INDUSTRY_ORG"
 where convert(unhex(ssid_hex) using utf8mb4) like '%Polygon%'
--------------

ERROR 1300 (HY000) at line 1: Invalid utf8mb4 character string: '\xC8\x00\x14'
--------------
update ssid_intel
   set category = "INDUSTRY_ORG"
 where convert(unhex(ssid_hex) using utf8mb4) like '%Arbitrum%'
--------------

ERROR 1300 (HY000) at line 1: Invalid utf8mb4 character string: '\xC8\x00\x14'
--------------
update ssid_intel
   set category = "INDUSTRY_ORG"
 where convert(unhex(ssid_hex) using utf8mb4) like '%Optimism%'
--------------

ERROR 1300 (HY000) at line 1: Invalid utf8mb4 character string: '\xC8\x00\x14'
--------------
update ssid_intel
   set category = "INDUSTRY_ORG"
 where convert(unhex(ssid_hex) using utf8mb4) like '%Starknet%'
--------------

ERROR 1300 (HY000) at line 1: Invalid utf8mb4 character string: '\xC8\x00\x14'
--------------
update ssid_intel
   set category = "INDUSTRY_ORG"
 where convert(unhex(ssid_hex) using utf8mb4) like '%zkSync%'
--------------

ERROR 1300 (HY000) at line 1: Invalid utf8mb4 character string: '\xC8\x00\x14'
--------------
update ssid_intel
   set category = "INDUSTRY_ORG"
 where convert(unhex(ssid_hex) using utf8mb4) like '%Uniswap%'
--------------

ERROR 1300 (HY000) at line 1: Invalid utf8mb4 character string: '\xC8\x00\x14'
--------------
update ssid_intel
   set category = "INDUSTRY_ORG"
 where convert(unhex(ssid_hex) using utf8mb4) like '%Pendle%'
--------------

ERROR 1300 (HY000) at line 1: Invalid utf8mb4 character string: '\xC8\x00\x14'
--------------
update ssid_intel
   set category = "INDUSTRY_ORG"
 where convert(unhex(ssid_hex) using utf8mb4) like '%BitTorrent%'
--------------

ERROR 1300 (HY000) at line 1: Invalid utf8mb4 character string: '\xC8\x00\x14'
--------------
update ssid_intel
   set category = "INDUSTRY_ORG"
 where convert(unhex(ssid_hex) using utf8mb4) like '%Coinbase%'
--------------

ERROR 1300 (HY000) at line 1: Invalid utf8mb4 character string: '\xC8\x00\x14'
--------------
update ssid_intel
   set category = "INDUSTRY_ORG"
 where convert(unhex(ssid_hex) using utf8mb4) like '%Binance%'
--------------

ERROR 1300 (HY000) at line 1: Invalid utf8mb4 character string: '\xC8\x00\x14'
--------------
update ssid_intel
   set category = "INDUSTRY_ORG"
 where convert(unhex(ssid_hex) using utf8mb4) like '%Kraken%'
--------------

ERROR 1300 (HY000) at line 1: Invalid utf8mb4 character string: '\xC8\x00\x14'
--------------
update ssid_intel
   set category = "INDUSTRY_ORG"
 where convert(unhex(ssid_hex) using utf8mb4) like '%Ledger%'
--------------

ERROR 1300 (HY000) at line 1: Invalid utf8mb4 character string: '\xC8\x00\x14'
--------------
update ssid_intel
   set category = "INDUSTRY_ORG"
 where convert(unhex(ssid_hex) using utf8mb4) like '%Trezor%'
--------------

ERROR 1300 (HY000) at line 1: Invalid utf8mb4 character string: '\xC8\x00\x14'
--------------
update ssid_intel
   set category = "INDUSTRY_ORG"
 where convert(unhex(ssid_hex) using utf8mb4) like '%MetaMask%'
--------------

ERROR 1300 (HY000) at line 1: Invalid utf8mb4 character string: '\xC8\x00\x14'
--------------
update ssid_intel
   set category = "INDUSTRY_ORG"
 where convert(unhex(ssid_hex) using utf8mb4) like '%Chainalysis%'
--------------

ERROR 1300 (HY000) at line 1: Invalid utf8mb4 character string: '\xC8\x00\x14'
--------------
update ssid_intel
   set category = "INDUSTRY_ORG"
 where convert(unhex(ssid_hex) using utf8mb4) like '%Etherscan%'
--------------

ERROR 1300 (HY000) at line 1: Invalid utf8mb4 character string: '\xC8\x00\x14'
--------------
update ssid_intel
   set category = "INDUSTRY_ORG"
 where convert(unhex(ssid_hex) using utf8mb4) like '%OpenSea%'
--------------

ERROR 1300 (HY000) at line 1: Invalid utf8mb4 character string: '\xC8\x00\x14'
--------------
update ssid_intel
   set category = "INDUSTRY_ORG"
 where convert(unhex(ssid_hex) using utf8mb4) like '%Infura%'
--------------

ERROR 1300 (HY000) at line 1: Invalid utf8mb4 character string: '\xC8\x00\x14'
--------------
update ssid_intel
   set category = "INDUSTRY_ORG"
 where convert(unhex(ssid_hex) using utf8mb4) like '%Alchemy%'
--------------

ERROR 1300 (HY000) at line 1: Invalid utf8mb4 character string: '\xC8\x00\x14'
--------------
update ssid_intel
   set category = "INDUSTRY_ORG"
 where convert(unhex(ssid_hex) using utf8mb4) like '%Blockchain%'
--------------

ERROR 1300 (HY000) at line 1: Invalid utf8mb4 character string: '\xC8\x00\x14'
--------------
update ssid_intel
   set category = "INDUSTRY_ORG"
 where convert(unhex(ssid_hex) using utf8mb4) like '%Crypto%'
--------------

ERROR 1300 (HY000) at line 1: Invalid utf8mb4 character string: '\xC8\x00\x14'
--------------
update ssid_intel
   set category = "INDUSTRY_ORG"
 where convert(unhex(ssid_hex) using utf8mb4) like '%DeFi%'
--------------

ERROR 1300 (HY000) at line 1: Invalid utf8mb4 character string: '\xC8\x00\x14'
--------------
update ssid_intel
   set category = "INDUSTRY_ORG"
 where convert(unhex(ssid_hex) using utf8mb4) like '%Web3%'
--------------

ERROR 1300 (HY000) at line 1: Invalid utf8mb4 character string: '\xC8\x00\x14'
--------------
update ssid_intel
   set category = "INDUSTRY_ORG"
 where convert(unhex(ssid_hex) using utf8mb4) like '%NFT-%'
--------------

ERROR 1300 (HY000) at line 1: Invalid utf8mb4 character string: '\xC8\x00\x14'
--------------
update ssid_intel
   set category = "INDUSTRY_ORG"
 where convert(unhex(ssid_hex) using utf8mb4) like '%DAO-%'
--------------

ERROR 1300 (HY000) at line 1: Invalid utf8mb4 character string: '\xC8\x00\x14'
--------------
update ssid_intel
   set category = "INDUSTRY_ORG"
 where convert(unhex(ssid_hex) using utf8mb4) like '%Staking%'
--------------

ERROR 1300 (HY000) at line 1: Invalid utf8mb4 character string: '\xC8\x00\x14'
--------------
update ssid_intel
   set category = "INDUSTRY_ORG"
 where convert(unhex(ssid_hex) using utf8mb4) like '%Validator%'
--------------

ERROR 1300 (HY000) at line 1: Invalid utf8mb4 character string: '\xC8\x00\x14'
--------------
update ssid_intel
   set category = "INDUSTRY_ORG"
 where convert(unhex(ssid_hex) using utf8mb4) like '%Testnet%'
--------------

ERROR 1300 (HY000) at line 1: Invalid utf8mb4 character string: '\xC8\x00\x14'
--------------
update ssid_intel
   set category = "INDUSTRY_ORG"
 where convert(unhex(ssid_hex) using utf8mb4) like '%Mainnet%'
--------------

ERROR 1300 (HY000) at line 1: Invalid utf8mb4 character string: '\xC8\x00\x14'
--------------
update ssid_intel
   set category = "INDUSTRY_ORG"
 where convert(unhex(ssid_hex) using utf8mb4) like '%Devnet%'
--------------

ERROR 1300 (HY000) at line 1: Invalid utf8mb4 character string: '\xC8\x00\x14'
--------------
update ssid_intel
   set category = "INDUSTRY_ORG"
 where convert(unhex(ssid_hex) using utf8mb4) like '%Airdrop%'
--------------

ERROR 1300 (HY000) at line 1: Invalid utf8mb4 character string: '\xC8\x00\x14'
--------------
update ssid_intel
   set category = "INDUSTRY_ORG"
 where convert(unhex(ssid_hex) using utf8mb4) like '%Wallet%'
--------------

ERROR 1300 (HY000) at line 1: Invalid utf8mb4 character string: '\xC8\x00\x14'
--------------
update ssid_intel
   set category = "INDUSTRY_ORG"
 where convert(unhex(ssid_hex) using utf8mb4) like '%Satoshi%'
--------------

ERROR 1300 (HY000) at line 1: Invalid utf8mb4 character string: '\xC8\x00\x14'
--------------
update ssid_intel
   set category = "INDUSTRY_ORG"
 where convert(unhex(ssid_hex) using utf8mb4) like '%Ethereum Foundation%'
--------------

ERROR 1300 (HY000) at line 1: Invalid utf8mb4 character string: '\xC8\x00\x14'
--------------
update ssid_intel
   set category = "INDUSTRY_ORG"
 where convert(unhex(ssid_hex) using utf8mb4) like '%Consensys%'
--------------

ERROR 1300 (HY000) at line 1: Invalid utf8mb4 character string: '\xC8\x00\x14'
--------------
update ssid_intel
   set category = "INDUSTRY_ORG"
 where convert(unhex(ssid_hex) using utf8mb4) like '%Solana Foundation%'
--------------

ERROR 1300 (HY000) at line 1: Invalid utf8mb4 character string: '\xC8\x00\x14'
  terms applied: 56   terms refused as too short: 0
industry stop 20:36:53.576
